Archive member included to satisfy reference by file (symbol)

c:/devtools/truestudio for stm32 9.1.0/armtools/bin/../lib/gcc/arm-atollic-eabi/6.3.1/../../../../arm-atollic-eabi/lib/armv7e-m/fpu\libc_nano.a(lib_a-init.o)
                              startup\startup_stm32f401xe.o (__libc_init_array)
c:/devtools/truestudio for stm32 9.1.0/armtools/bin/../lib/gcc/arm-atollic-eabi/6.3.1/../../../../arm-atollic-eabi/lib/armv7e-m/fpu\libc_nano.a(lib_a-memcpy-stub.o)
                              Middlewares\Third_Party\FreeRTOS\Source\queue.o (memcpy)
c:/devtools/truestudio for stm32 9.1.0/armtools/bin/../lib/gcc/arm-atollic-eabi/6.3.1/../../../../arm-atollic-eabi/lib/armv7e-m/fpu\libc_nano.a(lib_a-memset.o)
                              Src\main.o (memset)
c:/devtools/truestudio for stm32 9.1.0/armtools/bin/../lib/gcc/arm-atollic-eabi/6.3.1/armv7e-m/fpu\libgcc.a(_aeabi_uldivmod.o)
                              Drivers\STM32F4xx_HAL_Driver\Src\stm32f4xx_hal_rcc.o (__aeabi_uldivmod)
c:/devtools/truestudio for stm32 9.1.0/armtools/bin/../lib/gcc/arm-atollic-eabi/6.3.1/armv7e-m/fpu\libgcc.a(_udivmoddi4.o)
                              c:/devtools/truestudio for stm32 9.1.0/armtools/bin/../lib/gcc/arm-atollic-eabi/6.3.1/armv7e-m/fpu\libgcc.a(_aeabi_uldivmod.o) (__udivmoddi4)
c:/devtools/truestudio for stm32 9.1.0/armtools/bin/../lib/gcc/arm-atollic-eabi/6.3.1/armv7e-m/fpu\libgcc.a(_dvmd_tls.o)
                              c:/devtools/truestudio for stm32 9.1.0/armtools/bin/../lib/gcc/arm-atollic-eabi/6.3.1/armv7e-m/fpu\libgcc.a(_aeabi_uldivmod.o) (__aeabi_ldiv0)

Allocating common symbols
Common symbol       size              file

defaultTaskHandle   0x4               Src\main.o
uwTick              0x4               Drivers\STM32F4xx_HAL_Driver\Src\stm32f4xx_hal.o
xQueueRegistry      0x40              Middlewares\Third_Party\FreeRTOS\Source\queue.o
pFlash              0x20              Drivers\STM32F4xx_HAL_Driver\Src\stm32f4xx_hal_flash.o
hadc1               0x48              Src\main.o
htim11              0x3c              Src\main.o
huart2              0x40              Src\main.o
str                 0x10              Src\main.o
voltagePIDHandle    0x4               Src\main.o

Discarded input sections

 .text          0x00000000        0x0 c:/devtools/truestudio for stm32 9.1.0/armtools/bin/../lib/gcc/arm-atollic-eabi/6.3.1/armv7e-m/fpu/crti.o
 .data          0x00000000        0x0 c:/devtools/truestudio for stm32 9.1.0/armtools/bin/../lib/gcc/arm-atollic-eabi/6.3.1/armv7e-m/fpu/crti.o
 .bss           0x00000000        0x0 c:/devtools/truestudio for stm32 9.1.0/armtools/bin/../lib/gcc/arm-atollic-eabi/6.3.1/armv7e-m/fpu/crti.o
 .data          0x00000000        0x4 c:/devtools/truestudio for stm32 9.1.0/armtools/bin/../lib/gcc/arm-atollic-eabi/6.3.1/armv7e-m/fpu/crtbegin.o
 .text          0x00000000        0x0 Drivers\STM32F4xx_HAL_Driver\Src\stm32f4xx_hal.o
 .data          0x00000000        0x0 Drivers\STM32F4xx_HAL_Driver\Src\stm32f4xx_hal.o
 .bss           0x00000000        0x0 Drivers\STM32F4xx_HAL_Driver\Src\stm32f4xx_hal.o
 .text.HAL_MspInit
                0x00000000        0x2 Drivers\STM32F4xx_HAL_Driver\Src\stm32f4xx_hal.o
 .text.HAL_MspDeInit
                0x00000000        0x2 Drivers\STM32F4xx_HAL_Driver\Src\stm32f4xx_hal.o
 .text.HAL_DeInit
                0x00000000       0x2c Drivers\STM32F4xx_HAL_Driver\Src\stm32f4xx_hal.o
 .text.HAL_GetTickPrio
                0x00000000        0xc Drivers\STM32F4xx_HAL_Driver\Src\stm32f4xx_hal.o
 .text.HAL_SetTickFreq
                0x00000000       0x24 Drivers\STM32F4xx_HAL_Driver\Src\stm32f4xx_hal.o
 .text.HAL_GetTickFreq
                0x00000000        0xc Drivers\STM32F4xx_HAL_Driver\Src\stm32f4xx_hal.o
 .text.HAL_Delay
                0x00000000       0x28 Drivers\STM32F4xx_HAL_Driver\Src\stm32f4xx_hal.o
 .text.HAL_SuspendTick
                0x00000000       0x10 Drivers\STM32F4xx_HAL_Driver\Src\stm32f4xx_hal.o
 .text.HAL_ResumeTick
                0x00000000       0x10 Drivers\STM32F4xx_HAL_Driver\Src\stm32f4xx_hal.o
 .text.HAL_GetHalVersion
                0x00000000        0x8 Drivers\STM32F4xx_HAL_Driver\Src\stm32f4xx_hal.o
 .text.HAL_GetREVID
                0x00000000        0xc Drivers\STM32F4xx_HAL_Driver\Src\stm32f4xx_hal.o
 .text.HAL_GetDEVID
                0x00000000       0x10 Drivers\STM32F4xx_HAL_Driver\Src\stm32f4xx_hal.o
 .text.HAL_DBGMCU_EnableDBGSleepMode
                0x00000000       0x10 Drivers\STM32F4xx_HAL_Driver\Src\stm32f4xx_hal.o
 .text.HAL_DBGMCU_DisableDBGSleepMode
                0x00000000       0x10 Drivers\STM32F4xx_HAL_Driver\Src\stm32f4xx_hal.o
 .text.HAL_DBGMCU_EnableDBGStopMode
                0x00000000       0x10 Drivers\STM32F4xx_HAL_Driver\Src\stm32f4xx_hal.o
 .text.HAL_DBGMCU_DisableDBGStopMode
                0x00000000       0x10 Drivers\STM32F4xx_HAL_Driver\Src\stm32f4xx_hal.o
 .text.HAL_DBGMCU_EnableDBGStandbyMode
                0x00000000       0x10 Drivers\STM32F4xx_HAL_Driver\Src\stm32f4xx_hal.o
[...]
Memory Configuration

Name             Origin             Length             Attributes
RAM              0x20000000         0x00018000         xrw
FLASH            0x08000000         0x00080000         xr
*default*        0x00000000         0xffffffff

Linker script and memory map

LOAD c:/devtools/truestudio for stm32 9.1.0/armtools/bin/../lib/gcc/arm-atollic-eabi/6.3.1/armv7e-m/fpu/crti.o
LOAD c:/devtools/truestudio for stm32 9.1.0/armtools/bin/../lib/gcc/arm-atollic-eabi/6.3.1/armv7e-m/fpu/crtbegin.o
LOAD Drivers\STM32F4xx_HAL_Driver\Src\stm32f4xx_hal.o
LOAD Drivers\STM32F4xx_HAL_Driver\Src\stm32f4xx_hal_adc.o
LOAD Drivers\STM32F4xx_HAL_Driver\Src\stm32f4xx_hal_adc_ex.o
LOAD Drivers\STM32F4xx_HAL_Driver\Src\stm32f4xx_hal_cortex.o
LOAD Drivers\STM32F4xx_HAL_Driver\Src\stm32f4xx_hal_dma.o
LOAD Drivers\STM32F4xx_HAL_Driver\Src\stm32f4xx_hal_dma_ex.o
LOAD Drivers\STM32F4xx_HAL_Driver\Src\stm32f4xx_hal_flash.o
LOAD Drivers\STM32F4xx_HAL_Driver\Src\stm32f4xx_hal_flash_ex.o
LOAD Drivers\STM32F4xx_HAL_Driver\Src\stm32f4xx_hal_flash_ramfunc.o
LOAD Drivers\STM32F4xx_HAL_Driver\Src\stm32f4xx_hal_gpio.o
LOAD Drivers\STM32F4xx_HAL_Driver\Src\stm32f4xx_hal_pwr.o
LOAD Drivers\STM32F4xx_HAL_Driver\Src\stm32f4xx_hal_pwr_ex.o
LOAD Drivers\STM32F4xx_HAL_Driver\Src\stm32f4xx_hal_rcc.o
LOAD Drivers\STM32F4xx_HAL_Driver\Src\stm32f4xx_hal_rcc_ex.o
LOAD Drivers\STM32F4xx_HAL_Driver\Src\stm32f4xx_hal_tim.o
LOAD Drivers\STM32F4xx_HAL_Driver\Src\stm32f4xx_hal_tim_ex.o
LOAD Drivers\STM32F4xx_HAL_Driver\Src\stm32f4xx_hal_uart.o
LOAD Middlewares\Third_Party\FreeRTOS\Source\CMSIS_RTOS\cmsis_os.o
LOAD Middlewares\Third_Party\FreeRTOS\Source\croutine.o
LOAD Middlewares\Third_Party\FreeRTOS\Source\event_groups.o
LOAD Middlewares\Third_Party\FreeRTOS\Source\list.o
LOAD Middlewares\Third_Party\FreeRTOS\Source\portable\GCC\ARM_CM4F\port.o
LOAD Middlewares\Third_Party\FreeRTOS\Source\portable\MemMang\heap_4.o
LOAD Middlewares\Third_Party\FreeRTOS\Source\queue.o
LOAD Middlewares\Third_Party\FreeRTOS\Source\tasks.o
LOAD Middlewares\Third_Party\FreeRTOS\Source\timers.o
LOAD Src\freertos.o
LOAD Src\main.o
LOAD Src\stm32f4xx_hal_msp.o
LOAD Src\stm32f4xx_it.o
LOAD Src\system_stm32f4xx.o
LOAD startup\startup_stm32f401xe.o
                0x00000080                malloc_getpagesize_P = 0x80
START GROUP
LOAD c:/devtools/truestudio for stm32 9.1.0/armtools/bin/../lib/gcc/arm-atollic-eabi/6.3.1/../../../../arm-atollic-eabi/lib/armv7e-m/fpu\libc_nano.a
LOAD c:/devtools/truestudio for stm32 9.1.0/armtools/bin/../lib/gcc/arm-atollic-eabi/6.3.1/../../../../arm-atollic-eabi/lib/armv7e-m/fpu\libm.a
END GROUP
START GROUP
LOAD c:/devtools/truestudio for stm32 9.1.0/armtools/bin/../lib/gcc/arm-atollic-eabi/6.3.1/armv7e-m/fpu\libgcc.a
LOAD c:/devtools/truestudio for stm32 9.1.0/armtools/bin/../lib/gcc/arm-atollic-eabi/6.3.1/../../../../arm-atollic-eabi/lib/armv7e-m/fpu\libc_nano.a
END GROUP
START GROUP
LOAD c:/devtools/truestudio for stm32 9.1.0/armtools/bin/../lib/gcc/arm-atollic-eabi/6.3.1/armv7e-m/fpu\libgcc.a
LOAD c:/devtools/truestudio for stm32 9.1.0/armtools/bin/../lib/gcc/arm-atollic-eabi/6.3.1/../../../../arm-atollic-eabi/lib/armv7e-m/fpu\libc_nano.a
LOAD c:/devtools/truestudio for stm32 9.1.0/armtools/bin/../lib/gcc/arm-atollic-eabi/6.3.1/../../../../arm-atollic-eabi/lib/armv7e-m/fpu\libnosys.a
END GROUP
START GROUP
LOAD c:/devtools/truestudio for stm32 9.1.0/armtools/bin/../lib/gcc/arm-atollic-eabi/6.3.1/armv7e-m/fpu\libgcc.a
LOAD c:/devtools/truestudio for stm32 9.1.0/armtools/bin/../lib/gcc/arm-atollic-eabi/6.3.1/../../../../arm-atollic-eabi/lib/armv7e-m/fpu\libc_nano.a
LOAD c:/devtools/truestudio for stm32 9.1.0/armtools/bin/../lib/gcc/arm-atollic-eabi/6.3.1/../../../../arm-atollic-eabi/lib/armv7e-m/fpu\libnosys.a
END GROUP
LOAD c:/devtools/truestudio for stm32 9.1.0/armtools/bin/../lib/gcc/arm-atollic-eabi/6.3.1/armv7e-m/fpu/crtend.o
LOAD c:/devtools/truestudio for stm32 9.1.0/armtools/bin/../lib/gcc/arm-atollic-eabi/6.3.1/armv7e-m/fpu/crtn.o
                0x20018000                _estack = 0x20018000
                0x00000200                _Min_Heap_Size = 0x200
                0x00000400                _Min_Stack_Size = 0x400

.isr_vector     0x08000000      0x194
                0x08000000                . = ALIGN (0x4)
 *(.isr_vector)
 .isr_vector    0x08000000      0x194 startup\startup_stm32f401xe.o
                0x08000000                g_pfnVectors
                0x08000194                . = ALIGN (0x4)

.text           0x080001a0     0x2730
                0x080001a0                . = ALIGN (0x4)
 *(.text)
 .text          0x080001a0       0x40 c:/devtools/truestudio for stm32 9.1.0/armtools/bin/../lib/gcc/arm-atollic-eabi/6.3.1/armv7e-m/fpu/crtbegin.o
 .text          0x080001e0       0x30 c:/devtools/truestudio for stm32 9.1.0/armtools/bin/../lib/gcc/arm-atollic-eabi/6.3.1/armv7e-m/fpu\libgcc.a(_aeabi_uldivmod.o)
                0x080001e0                __aeabi_uldivmod
 .text          0x08000210      0x2dc c:/devtools/truestudio for stm32 9.1.0/armtools/bin/../lib/gcc/arm-atollic-eabi/6.3.1/armv7e-m/fpu\libgcc.a(_udivmoddi4.o)
                0x08000210                __udivmoddi4
 .text          0x080004ec        0x4 c:/devtools/truestudio for stm32 9.1.0/armtools/bin/../lib/gcc/arm-atollic-eabi/6.3.1/armv7e-m/fpu\libgcc.a(_dvmd_tls.o)
                0x080004ec                __aeabi_idiv0
                0x080004ec                __aeabi_ldiv0
 *(.text*)
 .text.HAL_InitTick
                0x080004f0       0x48 Drivers\STM32F4xx_HAL_Driver\Src\stm32f4xx_hal.o
                0x080004f0                HAL_InitTick
 .text.HAL_Init
                0x08000538       0x34 Drivers\STM32F4xx_HAL_Driver\Src\stm32f4xx_hal.o
                0x08000538                HAL_Init
 .text.HAL_IncTick
                0x0800056c       0x18 Drivers\STM32F4xx_HAL_Driver\Src\stm32f4xx_hal.o
                0x0800056c                HAL_IncTick
 .text.HAL_GetTick
                0x08000584        0xc Drivers\STM32F4xx_HAL_Driver\Src\stm32f4xx_hal.o
                0x08000584                HAL_GetTick
 .text.HAL_ADC_Init
                0x08000590      0x148 Drivers\STM32F4xx_HAL_Driver\Src\stm32f4xx_hal_adc.o
                0x08000590                HAL_ADC_Init
 .text.HAL_ADC_Start
                0x080006d8       0xc0 Drivers\STM32F4xx_HAL_Driver\Src\stm32f4xx_hal_adc.o
                0x080006d8                HAL_ADC_Start
 .text.HAL_ADC_PollForConversion
                0x08000798       0xa0 Drivers\STM32F4xx_HAL_Driver\Src\stm32f4xx_hal_adc.o
                0x08000798                HAL_ADC_PollForConversion
 .text.HAL_ADC_GetValue
                0x08000838        0x6 Drivers\STM32F4xx_HAL_Driver\Src\stm32f4xx_hal_adc.o
                0x08000838                HAL_ADC_GetValue
 *fill*         0x0800083e        0x2 
 .text.HAL_ADC_ConfigChannel
                0x08000840      0x12c Drivers\STM32F4xx_HAL_Driver\Src\stm32f4xx_hal_adc.o
                0x08000840                HAL_ADC_ConfigChannel
 .text.HAL_NVIC_SetPriorityGrouping
                0x0800096c       0x24 Drivers\STM32F4xx_HAL_Driver\Src\stm32f4xx_hal_cortex.o
                0x0800096c                HAL_NVIC_SetPriorityGrouping
 .text.HAL_NVIC_SetPriority
                0x08000990       0x68 Drivers\STM32F4xx_HAL_Driver\Src\stm32f4xx_hal_cortex.o
                0x08000990                HAL_NVIC_SetPriority
 .text.HAL_SYSTICK_Config
                0x080009f8       0x2c Drivers\STM32F4xx_HAL_Driver\Src\stm32f4xx_hal_cortex.o
                0x080009f8                HAL_SYSTICK_Config
 .text.HAL_GPIO_Init
                0x08000a24      0x1ac Drivers\STM32F4xx_HAL_Driver\Src\stm32f4xx_hal_gpio.o
                0x08000a24                HAL_GPIO_Init
 .text.HAL_GPIO_ReadPin
                0x08000bd0        0xc Drivers\STM32F4xx_HAL_Driver\Src\stm32f4xx_hal_gpio.o
                0x08000bd0                HAL_GPIO_ReadPin
 .text.HAL_GPIO_WritePin
                0x08000bdc        0xa Drivers\STM32F4xx_HAL_Driver\Src\stm32f4xx_hal_gpio.o
                0x08000bdc                HAL_GPIO_WritePin
 *fill*         0x08000be6        0x2 
 .text.HAL_RCC_OscConfig
                0x08000be8      0x304 Drivers\STM32F4xx_HAL_Driver\Src\stm32f4xx_hal_rcc.o
                0x08000be8                HAL_RCC_OscConfig
 .text.HAL_RCC_GetSysClockFreq
                0x08000eec       0x5c Drivers\STM32F4xx_HAL_Driver\Src\stm32f4xx_hal_rcc.o
                0x08000eec                HAL_RCC_GetSysClockFreq
 .text.HAL_RCC_ClockConfig
                0x08000f48      0x134 Drivers\STM32F4xx_HAL_Driver\Src\stm32f4xx_hal_rcc.o
                0x08000f48                HAL_RCC_ClockConfig
 .text.HAL_RCC_GetPCLK1Freq
                0x0800107c       0x20 Drivers\STM32F4xx_HAL_Driver\Src\stm32f4xx_hal_rcc.o
                0x0800107c                HAL_RCC_GetPCLK1Freq
 .text.HAL_RCC_GetPCLK2Freq
                0x0800109c       0x20 Drivers\STM32F4xx_HAL_Driver\Src\stm32f4xx_hal_rcc.o
                0x0800109c                HAL_RCC_GetPCLK2Freq
 .text.TIM_OC1_SetConfig
                0x080010bc       0x50 Drivers\STM32F4xx_HAL_Driver\Src\stm32f4xx_hal_tim.o
 .text.TIM_OC3_SetConfig
                0x0800110c       0x54 Drivers\STM32F4xx_HAL_Driver\Src\stm32f4xx_hal_tim.o
 .text.TIM_OC4_SetConfig
                0x08001160       0x44 Drivers\STM32F4xx_HAL_Driver\Src\stm32f4xx_hal_tim.o
 .text.HAL_TIM_PWM_MspInit
                0x080011a4        0x2 Drivers\STM32F4xx_HAL_Driver\Src\stm32f4xx_hal_tim.o
                0x080011a4                HAL_TIM_PWM_MspInit
 *fill*         0x080011a6        0x2 
 .text.TIM_Base_SetConfig
                0x080011a8       0x98 Drivers\STM32F4xx_HAL_Driver\Src\stm32f4xx_hal_tim.o
                0x080011a8                TIM_Base_SetConfig
 .text.HAL_TIM_Base_Init
                0x08001240       0x34 Drivers\STM32F4xx_HAL_Driver\Src\stm32f4xx_hal_tim.o
                0x08001240                HAL_TIM_Base_Init
 .text.HAL_TIM_PWM_Init
                0x08001274       0x34 Drivers\STM32F4xx_HAL_Driver\Src\stm32f4xx_hal_tim.o
                0x08001274                HAL_TIM_PWM_Init
 .text.TIM_OC2_SetConfig
                0x080012a8       0x58 Drivers\STM32F4xx_HAL_Driver\Src\stm32f4xx_hal_tim.o
                0x080012a8                TIM_OC2_SetConfig
 .text.HAL_TIM_PWM_ConfigChannel
                0x08001300       0xc4 Drivers\STM32F4xx_HAL_Driver\Src\stm32f4xx_hal_tim.o
                0x08001300                HAL_TIM_PWM_ConfigChannel
 .text.TIM_CCxChannelCmd
                0x080013c4       0x18 Drivers\STM32F4xx_HAL_Driver\Src\stm32f4xx_hal_tim.o
                0x080013c4                TIM_CCxChannelCmd
 .text.HAL_TIM_PWM_Start
                0x080013dc       0x2c Drivers\STM32F4xx_HAL_Driver\Src\stm32f4xx_hal_tim.o
                0x080013dc                HAL_TIM_PWM_Start
 .text.UART_SetConfig
                0x08001408      0x234 Drivers\STM32F4xx_HAL_Driver\Src\stm32f4xx_hal_uart.o
 .text.HAL_UART_Init
                0x0800163c       0x5c Drivers\STM32F4xx_HAL_Driver\Src\stm32f4xx_hal_uart.o
                0x0800163c                HAL_UART_Init
 .text.osKernelStart
                0x08001698        0xa Middlewares\Third_Party\FreeRTOS\Source\CMSIS_RTOS\cmsis_os.o
                0x08001698                osKernelStart
 .text.osThreadCreate
                0x080016a2       0x30 Middlewares\Third_Party\FreeRTOS\Source\CMSIS_RTOS\cmsis_os.o
                0x080016a2                osThreadCreate
 .text.osDelay  0x080016d2       0x10 Middlewares\Third_Party\FreeRTOS\Source\CMSIS_RTOS\cmsis_os.o
                0x080016d2                osDelay
 .text.osSystickHandler
                0x080016e2       0x14 Middlewares\Third_Party\FreeRTOS\Source\CMSIS_RTOS\cmsis_os.o
                0x080016e2                osSystickHandler
 .text.vListInitialise
                0x080016f6       0x16 Middlewares\Third_Party\FreeRTOS\Source\list.o
                0x080016f6                vListInitialise
 .text.vListInitialiseItem
                0x0800170c        0x6 Middlewares\Third_Party\FreeRTOS\Source\list.o
                0x0800170c                vListInitialiseItem
 .text.vListInsertEnd
                0x08001712       0x18 Middlewares\Third_Party\FreeRTOS\Source\list.o
                0x08001712                vListInsertEnd
 .text.vListInsert
                0x0800172a       0x2e Middlewares\Third_Party\FreeRTOS\Source\list.o
                0x0800172a                vListInsert
 .text.uxListRemove
                0x08001758       0x20 Middlewares\Third_Party\FreeRTOS\Source\list.o
                0x08001758                uxListRemove
 .text.prvTaskExitError
                0x08001778       0x30 Middlewares\Third_Party\FreeRTOS\Source\portable\GCC\ARM_CM4F\port.o
 .text.prvPortStartFirstTask
                0x080017a8       0x20 Middlewares\Third_Party\FreeRTOS\Source\portable\GCC\ARM_CM4F\port.o
 .text.vPortEnableVFP
                0x080017c8       0x14 Middlewares\Third_Party\FreeRTOS\Source\portable\GCC\ARM_CM4F\port.o
 .text.pxPortInitialiseStack
                0x080017dc       0x2c Middlewares\Third_Party\FreeRTOS\Source\portable\GCC\ARM_CM4F\port.o
                0x080017dc                pxPortInitialiseStack
 *fill*         0x08001808        0x8 
 .text.SVC_Handler
                0x08001810       0x24 Middlewares\Third_Party\FreeRTOS\Source\portable\GCC\ARM_CM4F\port.o
                0x08001810                SVC_Handler
 .text.vPortEnterCritical
                0x08001834       0x44 Middlewares\Third_Party\FreeRTOS\Source\portable\GCC\ARM_CM4F\port.o
                0x08001834                vPortEnterCritical
 .text.vPortExitCritical
                0x08001878       0x28 Middlewares\Third_Party\FreeRTOS\Source\portable\GCC\ARM_CM4F\port.o
                0x08001878                vPortExitCritical
 .text.PendSV_Handler
                0x080018a0       0x64 Middlewares\Third_Party\FreeRTOS\Source\portable\GCC\ARM_CM4F\port.o
                0x080018a0                PendSV_Handler
 .text.xPortSysTickHandler
                0x08001904       0x2c Middlewares\Third_Party\FreeRTOS\Source\portable\GCC\ARM_CM4F\port.o
                0x08001904                xPortSysTickHandler
 .text.vPortSetupTimerInterrupt
                0x08001930       0x28 Middlewares\Third_Party\FreeRTOS\Source\portable\GCC\ARM_CM4F\port.o
                0x08001930                vPortSetupTimerInterrupt
 .text.xPortStartScheduler
                0x08001958       0xec Middlewares\Third_Party\FreeRTOS\Source\portable\GCC\ARM_CM4F\port.o
                0x08001958                xPortStartScheduler
 .text.unlikely.prvInsertBlockIntoFreeList
                0x08001a44       0x48 Middlewares\Third_Party\FreeRTOS\Source\portable\MemMang\heap_4.o
 .text.pvPortMalloc
                0x08001a8c      0x11c Middlewares\Third_Party\FreeRTOS\Source\portable\MemMang\heap_4.o
                0x08001a8c                pvPortMalloc
 .text.vPortFree
                0x08001ba8       0x70 Middlewares\Third_Party\FreeRTOS\Source\portable\MemMang\heap_4.o
                0x08001ba8                vPortFree
 .text.prvResetNextTaskUnblockTime
                0x08001c18       0x24 Middlewares\Third_Party\FreeRTOS\Source\tasks.o
 .text.prvAddCurrentTaskToDelayedList
                0x08001c3c       0x8c Middlewares\Third_Party\FreeRTOS\Source\tasks.o
 .text.xTaskCreate
                0x08001cc8      0x1a0 Middlewares\Third_Party\FreeRTOS\Source\tasks.o
                0x08001cc8                xTaskCreate
 .text.vTaskStartScheduler
                0x08001e68       0x78 Middlewares\Third_Party\FreeRTOS\Source\tasks.o
                0x08001e68                vTaskStartScheduler
 .text.vTaskSuspendAll
                0x08001ee0       0x10 Middlewares\Third_Party\FreeRTOS\Source\tasks.o
                0x08001ee0                vTaskSuspendAll
 .text.xTaskIncrementTick
                0x08001ef0      0x124 Middlewares\Third_Party\FreeRTOS\Source\tasks.o
                0x08001ef0                xTaskIncrementTick
 .text.xTaskResumeAll
                0x08002014       0xf0 Middlewares\Third_Party\FreeRTOS\Source\tasks.o
                0x08002014                xTaskResumeAll
 .text.vTaskDelay
                0x08002104       0x48 Middlewares\Third_Party\FreeRTOS\Source\tasks.o
                0x08002104                vTaskDelay
 .text.prvIdleTask
                0x0800214c       0x74 Middlewares\Third_Party\FreeRTOS\Source\tasks.o
 .text.vTaskSwitchContext
                0x080021c0       0x74 Middlewares\Third_Party\FreeRTOS\Source\tasks.o
                0x080021c0                vTaskSwitchContext
 .text.xTaskGetSchedulerState
                0x08002234       0x20 Middlewares\Third_Party\FreeRTOS\Source\tasks.o
                0x08002234                xTaskGetSchedulerState
 .text.StartDefaultTask
                0x08002254       0x94 Src\main.o
                0x08002254                StartDefaultTask
 .text.adjustPWM
                0x080022e8       0x30 Src\main.o
                0x080022e8                adjustPWM
 .text.StartTask02
                0x08002318       0x44 Src\main.o
                0x08002318                StartTask02
 .text.SystemClock_Config
                0x0800235c       0x9c Src\main.o
                0x0800235c                SystemClock_Config
 .text.startup.main
                0x080023f8      0x220 Src\main.o
                0x080023f8                main
 .text.HAL_MspInit
                0x08002618       0x44 Src\stm32f4xx_hal_msp.o
                0x08002618                HAL_MspInit
 .text.HAL_ADC_MspInit
                0x0800265c       0x64 Src\stm32f4xx_hal_msp.o
                0x0800265c                HAL_ADC_MspInit
 .text.HAL_TIM_Base_MspInit
                0x080026c0       0x30 Src\stm32f4xx_hal_msp.o
                0x080026c0                HAL_TIM_Base_MspInit
 .text.HAL_TIM_MspPostInit
                0x080026f0       0x58 Src\stm32f4xx_hal_msp.o
                0x080026f0                HAL_TIM_MspPostInit
 .text.HAL_UART_MspInit
                0x08002748       0x68 Src\stm32f4xx_hal_msp.o
                0x08002748                HAL_UART_MspInit
 .text.SysTick_Handler
                0x080027b0        0xe Src\stm32f4xx_it.o
                0x080027b0                SysTick_Handler
 *fill*         0x080027be        0x2 
 .text.SystemInit
                0x080027c0       0x4c Src\system_stm32f4xx.o
                0x080027c0                SystemInit
 .text.Reset_Handler
                0x0800280c       0x50 startup\startup_stm32f401xe.o
                0x0800280c                Reset_Handler
 .text.Default_Handler
                0x0800285c        0x2 startup\startup_stm32f401xe.o
                0x0800285c                RTC_Alarm_IRQHandler
                0x0800285c                EXTI2_IRQHandler
                0x0800285c                DebugMon_Handler
                0x0800285c                SPI4_IRQHandler
                0x0800285c                TIM1_CC_IRQHandler
                0x0800285c                DMA2_Stream5_IRQHandler
                0x0800285c                HardFault_Handler
                0x0800285c                DMA1_Stream5_IRQHandler
                0x0800285c                PVD_IRQHandler
                0x0800285c                SDIO_IRQHandler
                0x0800285c                TAMP_STAMP_IRQHandler
                0x0800285c                NMI_Handler
                0x0800285c                EXTI3_IRQHandler
                0x0800285c                TIM1_UP_TIM10_IRQHandler
                0x0800285c                I2C3_ER_IRQHandler
                0x0800285c                EXTI0_IRQHandler
                0x0800285c                I2C2_EV_IRQHandler
                0x0800285c                DMA1_Stream2_IRQHandler
                0x0800285c                FPU_IRQHandler
                0x0800285c                UsageFault_Handler
                0x0800285c                DMA2_Stream2_IRQHandler
                0x0800285c                SPI1_IRQHandler
                0x0800285c                TIM1_BRK_TIM9_IRQHandler
                0x0800285c                DMA2_Stream3_IRQHandler
                0x0800285c                USART6_IRQHandler
                0x0800285c                DMA2_Stream0_IRQHandler
                0x0800285c                TIM4_IRQHandler
                0x0800285c                I2C1_EV_IRQHandler
                0x0800285c                DMA1_Stream6_IRQHandler
                0x0800285c                DMA1_Stream1_IRQHandler
                0x0800285c                TIM3_IRQHandler
                0x0800285c                RCC_IRQHandler
                0x0800285c                Default_Handler
                0x0800285c                EXTI15_10_IRQHandler
                0x0800285c                ADC_IRQHandler
                0x0800285c                DMA1_Stream7_IRQHandler
                0x0800285c                TIM5_IRQHandler
                0x0800285c                DMA2_Stream7_IRQHandler
                0x0800285c                I2C3_EV_IRQHandler
                0x0800285c                EXTI9_5_IRQHandler
                0x0800285c                RTC_WKUP_IRQHandler
                0x0800285c                SPI2_IRQHandler
                0x0800285c                MemManage_Handler
                0x0800285c                DMA1_Stream0_IRQHandler
                0x0800285c                EXTI4_IRQHandler
                0x0800285c                WWDG_IRQHandler
                0x0800285c                TIM2_IRQHandler
                0x0800285c                OTG_FS_WKUP_IRQHandler
                0x0800285c                TIM1_TRG_COM_TIM11_IRQHandler
                0x0800285c                EXTI1_IRQHandler
                0x0800285c                USART2_IRQHandler
                0x0800285c                I2C2_ER_IRQHandler
                0x0800285c                DMA2_Stream1_IRQHandler
                0x0800285c                FLASH_IRQHandler
                0x0800285c                DMA2_Stream4_IRQHandler
                0x0800285c                BusFault_Handler
                0x0800285c                USART1_IRQHandler
                0x0800285c                OTG_FS_IRQHandler
                0x0800285c                SPI3_IRQHandler
                0x0800285c                DMA1_Stream4_IRQHandler
                0x0800285c                I2C1_ER_IRQHandler
                0x0800285c                DMA2_Stream6_IRQHandler
                0x0800285c                DMA1_Stream3_IRQHandler
 *fill*         0x0800285e        0x2 
 .text.__libc_init_array
                0x08002860       0x48 c:/devtools/truestudio for stm32 9.1.0/armtools/bin/../lib/gcc/arm-atollic-eabi/6.3.1/../../../../arm-atollic-eabi/lib/armv7e-m/fpu\libc_nano.a(lib_a-init.o)
                0x08002860                __libc_init_array
 .text.memset   0x080028a8       0x10 c:/devtools/truestudio for stm32 9.1.0/armtools/bin/../lib/gcc/arm-atollic-eabi/6.3.1/../../../../arm-atollic-eabi/lib/armv7e-m/fpu\libc_nano.a(lib_a-memset.o)
                0x080028a8                memset
 *(.glue_7)
 .glue_7        0x080028b8        0x0 linker stubs
 *(.glue_7t)
 .glue_7t       0x080028b8        0x0 linker stubs
 *(.eh_frame)
 .eh_frame      0x080028b8        0x0 c:/devtools/truestudio for stm32 9.1.0/armtools/bin/../lib/gcc/arm-atollic-eabi/6.3.1/armv7e-m/fpu/crtbegin.o
 *(.init)
 .init          0x080028b8        0x4 c:/devtools/truestudio for stm32 9.1.0/armtools/bin/../lib/gcc/arm-atollic-eabi/6.3.1/armv7e-m/fpu/crti.o
                0x080028b8                _init
 .init          0x080028bc        0x8 c:/devtools/truestudio for stm32 9.1.0/armtools/bin/../lib/gcc/arm-atollic-eabi/6.3.1/armv7e-m/fpu/crtn.o
 *(.fini)
 .fini          0x080028c4        0x4 c:/devtools/truestudio for stm32 9.1.0/armtools/bin/../lib/gcc/arm-atollic-eabi/6.3.1/armv7e-m/fpu/crti.o
                0x080028c4                _fini
 .fini          0x080028c8        0x8 c:/devtools/truestudio for stm32 9.1.0/armtools/bin/../lib/gcc/arm-atollic-eabi/6.3.1/armv7e-m/fpu/crtn.o
                0x080028d0                . = ALIGN (0x4)
                0x080028d0                _etext = .

.vfp11_veneer   0x080028d0        0x0
 .vfp11_veneer  0x080028d0        0x0 linker stubs

.v4_bx          0x080028d0        0x0
 .v4_bx         0x080028d0        0x0 linker stubs

.iplt           0x080028d0        0x0
 .iplt          0x080028d0        0x0 c:/devtools/truestudio for stm32 9.1.0/armtools/bin/../lib/gcc/arm-atollic-eabi/6.3.1/armv7e-m/fpu/crtbegin.o

.rodata         0x080028d0       0x5c
                0x080028d0                . = ALIGN (0x4)
 *(.rodata)
 .rodata        0x080028d0       0x28 Src\main.o
 *(.rodata*)
 .rodata.vTaskStartScheduler.str1.1
                0x080028f8        0x5 Middlewares\Third_Party\FreeRTOS\Source\tasks.o
 .rodata.str1.1
                0x080028fd       0x17 Src\main.o
 .rodata.AHBPrescTable
                0x08002914       0x10 Src\system_stm32f4xx.o
                0x08002914                AHBPrescTable
 .rodata.APBPrescTable
                0x08002924        0x8 Src\system_stm32f4xx.o
                0x08002924                APBPrescTable
                0x0800292c                . = ALIGN (0x4)

.ARM.extab
 *(.ARM.extab* .gnu.linkonce.armextab.*)

.ARM            0x0800292c        0x8
                0x0800292c                __exidx_start = .
 *(.ARM.exidx*)
 .ARM.exidx     0x0800292c        0x8 c:/devtools/truestudio for stm32 9.1.0/armtools/bin/../lib/gcc/arm-atollic-eabi/6.3.1/armv7e-m/fpu\libgcc.a(_udivmoddi4.o)
                0x08002934                __exidx_end = .

.rel.dyn        0x08002934        0x0
 .rel.iplt      0x08002934        0x0 c:/devtools/truestudio for stm32 9.1.0/armtools/bin/../lib/gcc/arm-atollic-eabi/6.3.1/armv7e-m/fpu/crtbegin.o

.preinit_array  0x08002934        0x0
                0x08002934                PROVIDE (__preinit_array_start, .)
 *(.preinit_array*)
                0x08002934                PROVIDE (__preinit_array_end, .)

.init_array     0x08002934        0x4
                0x08002934                PROVIDE (__init_array_start, .)
 *(SORT(.init_array.*))
 *(.init_array*)
 .init_array    0x08002934        0x4 c:/devtools/truestudio for stm32 9.1.0/armtools/bin/../lib/gcc/arm-atollic-eabi/6.3.1/armv7e-m/fpu/crtbegin.o
                0x08002938                PROVIDE (__init_array_end, .)

.fini_array     0x08002938        0x4
                [!provide]                PROVIDE (__fini_array_start, .)
 *(SORT(.fini_array.*))
 *(.fini_array*)
 .fini_array    0x08002938        0x4 c:/devtools/truestudio for stm32 9.1.0/armtools/bin/../lib/gcc/arm-atollic-eabi/6.3.1/armv7e-m/fpu/crtbegin.o
                [!provide]                PROVIDE (__fini_array_end, .)
                0x0800293c                _sidata = LOADADDR (.data)

.data           0x20000000       0x10 load address 0x0800293c
                0x20000000                . = ALIGN (0x4)
                0x20000000                _sdata = .
 *(.data)
 *(.data*)
 .data.uwTickFreq
                0x20000000        0x1 Drivers\STM32F4xx_HAL_Driver\Src\stm32f4xx_hal.o
                0x20000000                uwTickFreq
 *fill*         0x20000001        0x3 
 .data.uwTickPrio
                0x20000004        0x4 Drivers\STM32F4xx_HAL_Driver\Src\stm32f4xx_hal.o
                0x20000004                uwTickPrio
 .data.uxCriticalNesting
                0x20000008        0x4 Middlewares\Third_Party\FreeRTOS\Source\portable\GCC\ARM_CM4F\port.o
 .data.SystemCoreClock
                0x2000000c        0x4 Src\system_stm32f4xx.o
                0x2000000c                SystemCoreClock
                0x20000010                . = ALIGN (0x4)
                0x20000010                _edata = .

.igot.plt       0x20000010        0x0 load address 0x0800294c
 .igot.plt      0x20000010        0x0 c:/devtools/truestudio for stm32 9.1.0/armtools/bin/../lib/gcc/arm-atollic-eabi/6.3.1/armv7e-m/fpu/crtbegin.o
                0x20000010                . = ALIGN (0x4)

.bss            0x20000010     0x3e48 load address 0x0800294c
                0x20000010                _sbss = .
                0x20000010                __bss_start__ = _sbss
 *(.bss)
 .bss           0x20000010       0x1c c:/devtools/truestudio for stm32 9.1.0/armtools/bin/../lib/gcc/arm-atollic-eabi/6.3.1/armv7e-m/fpu/crtbegin.o
 *(.bss*)
 .bss.ucMaxSysCallPriority
                0x2000002c        0x1 Middlewares\Third_Party\FreeRTOS\Source\portable\GCC\ARM_CM4F\port.o
 *fill*         0x2000002d        0x3 
 .bss.ulMaxPRIGROUPValue
                0x20000030        0x4 Middlewares\Third_Party\FreeRTOS\Source\portable\GCC\ARM_CM4F\port.o
 .bss.pxEnd     0x20000034        0x4 Middlewares\Third_Party\FreeRTOS\Source\portable\MemMang\heap_4.o
 .bss.ucHeap    0x20000038     0x3c00 Middlewares\Third_Party\FreeRTOS\Source\portable\MemMang\heap_4.o
 .bss.xBlockAllocatedBit
                0x20003c38        0x4 Middlewares\Third_Party\FreeRTOS\Source\portable\MemMang\heap_4.o
 .bss.xFreeBytesRemaining
                0x20003c3c        0x4 Middlewares\Third_Party\FreeRTOS\Source\portable\MemMang\heap_4.o
 .bss.xMinimumEverFreeBytesRemaining
                0x20003c40        0x4 Middlewares\Third_Party\FreeRTOS\Source\portable\MemMang\heap_4.o
 .bss.xStart    0x20003c44        0x8 Middlewares\Third_Party\FreeRTOS\Source\portable\MemMang\heap_4.o
 .bss.pxCurrentTCB
                0x20003c4c        0x4 Middlewares\Third_Party\FreeRTOS\Source\tasks.o
                0x20003c4c                pxCurrentTCB
 .bss.pxDelayedTaskList
                0x20003c50        0x4 Middlewares\Third_Party\FreeRTOS\Source\tasks.o
 .bss.pxOverflowDelayedTaskList
                0x20003c54        0x4 Middlewares\Third_Party\FreeRTOS\Source\tasks.o
 .bss.pxReadyTasksLists
                0x20003c58       0x8c Middlewares\Third_Party\FreeRTOS\Source\tasks.o
 .bss.uxCurrentNumberOfTasks
                0x20003ce4        0x4 Middlewares\Third_Party\FreeRTOS\Source\tasks.o
 .bss.uxDeletedTasksWaitingCleanUp
                0x20003ce8        0x4 Middlewares\Third_Party\FreeRTOS\Source\tasks.o
 .bss.uxPendedTicks
                0x20003cec        0x4 Middlewares\Third_Party\FreeRTOS\Source\tasks.o
 .bss.uxSchedulerSuspended
                0x20003cf0        0x4 Middlewares\Third_Party\FreeRTOS\Source\tasks.o
 .bss.uxTaskNumber
                0x20003cf4        0x4 Middlewares\Third_Party\FreeRTOS\Source\tasks.o
 .bss.uxTopReadyPriority
                0x20003cf8        0x4 Middlewares\Third_Party\FreeRTOS\Source\tasks.o
 .bss.xDelayedTaskList1
                0x20003cfc       0x14 Middlewares\Third_Party\FreeRTOS\Source\tasks.o
 .bss.xDelayedTaskList2
                0x20003d10       0x14 Middlewares\Third_Party\FreeRTOS\Source\tasks.o
 .bss.xIdleTaskHandle
                0x20003d24        0x4 Middlewares\Third_Party\FreeRTOS\Source\tasks.o
 .bss.xNextTaskUnblockTime
                0x20003d28        0x4 Middlewares\Third_Party\FreeRTOS\Source\tasks.o
 .bss.xNumOfOverflows
                0x20003d2c        0x4 Middlewares\Third_Party\FreeRTOS\Source\tasks.o
 .bss.xPendingReadyList
                0x20003d30       0x14 Middlewares\Third_Party\FreeRTOS\Source\tasks.o
 .bss.xSchedulerRunning
                0x20003d44        0x4 Middlewares\Third_Party\FreeRTOS\Source\tasks.o
 .bss.xSuspendedTaskList
                0x20003d48       0x14 Middlewares\Third_Party\FreeRTOS\Source\tasks.o
 .bss.xTasksWaitingTermination
                0x20003d5c       0x14 Middlewares\Third_Party\FreeRTOS\Source\tasks.o
 .bss.xTickCount
                0x20003d70        0x4 Middlewares\Third_Party\FreeRTOS\Source\tasks.o
 .bss.xYieldPending
                0x20003d74        0x4 Middlewares\Third_Party\FreeRTOS\Source\tasks.o
 *(COMMON)
 COMMON         0x20003d78        0x4 Drivers\STM32F4xx_HAL_Driver\Src\stm32f4xx_hal.o
                0x20003d78                uwTick
 COMMON         0x20003d7c       0xdc Src\main.o
                0x20003d7c                defaultTaskHandle
                0x20003d80                hadc1
                0x20003dc8                htim11
                0x20003e04                huart2
                0x20003e44                str
                0x20003e54                voltagePIDHandle
                0x20003e58                . = ALIGN (0x4)
                0x20003e58                _ebss = .
                0x20003e58                __bss_end__ = _ebss

._user_heap_stack
                0x20003e58      0x600 load address 0x0800294c
                0x20003e58                . = ALIGN (0x4)
                [!provide]                PROVIDE (end, .)
                [!provide]                PROVIDE (_end, .)
                0x20004058                . = (. + _Min_Heap_Size)
 *fill*         0x20003e58      0x200 
                0x20004458                . = (. + _Min_Stack_Size)
 *fill*         0x20004058      0x400 
                0x20004458                . = ALIGN (0x4)

/DISCARD/
 libc.a(*)
 libm.a(*)
 libgcc.a(*)

.ARM.attributes
                0x00000000       0x30
 *(.ARM.attributes)
 .ARM.attributes
                0x00000000       0x22 c:/devtools/truestudio for stm32 9.1.0/armtools/bin/../lib/gcc/arm-atollic-eabi/6.3.1/armv7e-m/fpu/crti.o
 .ARM.attributes
                0x00000022       0x34 c:/devtools/truestudio for stm32 9.1.0/armtools/bin/../lib/gcc/arm-atollic-eabi/6.3.1/armv7e-m/fpu/crtbegin.o
 .ARM.attributes
                0x00000056       0x39 Drivers\STM32F4xx_HAL_Driver\Src\stm32f4xx_hal.o
 .ARM.attributes
                0x0000008f       0x39 Drivers\STM32F4xx_HAL_Driver\Src\stm32f4xx_hal_adc.o
 .ARM.attributes
                0x000000c8       0x39 Drivers\STM32F4xx_HAL_Driver\Src\stm32f4xx_hal_cortex.o
 .ARM.attributes
                0x00000101       0x39 Drivers\STM32F4xx_HAL_Driver\Src\stm32f4xx_hal_gpio.o
 .ARM.attributes
                0x0000013a       0x39 Drivers\STM32F4xx_HAL_Driver\Src\stm32f4xx_hal_rcc.o
 .ARM.attributes
                0x00000173       0x39 Drivers\STM32F4xx_HAL_Driver\Src\stm32f4xx_hal_tim.o
 .ARM.attributes
                0x000001ac       0x39 Drivers\STM32F4xx_HAL_Driver\Src\stm32f4xx_hal_uart.o
 .ARM.attributes
                0x000001e5       0x39 Middlewares\Third_Party\FreeRTOS\Source\CMSIS_RTOS\cmsis_os.o
 .ARM.attributes
                0x0000021e       0x39 Middlewares\Third_Party\FreeRTOS\Source\list.o
 .ARM.attributes
                0x00000257       0x39 Middlewares\Third_Party\FreeRTOS\Source\portable\GCC\ARM_CM4F\port.o
 .ARM.attributes
                0x00000290       0x39 Middlewares\Third_Party\FreeRTOS\Source\portable\MemMang\heap_4.o
 .ARM.attributes
                0x000002c9       0x39 Middlewares\Third_Party\FreeRTOS\Source\tasks.o
 .ARM.attributes
                0x00000302       0x39 Src\main.o
 .ARM.attributes
                0x0000033b       0x39 Src\stm32f4xx_hal_msp.o
 .ARM.attributes
                0x00000374       0x39 Src\stm32f4xx_it.o
 .ARM.attributes
                0x000003ad       0x39 Src\system_stm32f4xx.o
 .ARM.attributes
                0x000003e6       0x21 startup\startup_stm32f401xe.o
 .ARM.attributes
                0x00000407       0x34 c:/devtools/truestudio for stm32 9.1.0/armtools/bin/../lib/gcc/arm-atollic-eabi/6.3.1/../../../../arm-atollic-eabi/lib/armv7e-m/fpu\libc_nano.a(lib_a-init.o)
 .ARM.attributes
                0x0000043b       0x34 c:/devtools/truestudio for stm32 9.1.0/armtools/bin/../lib/gcc/arm-atollic-eabi/6.3.1/../../../../arm-atollic-eabi/lib/armv7e-m/fpu\libc_nano.a(lib_a-memset.o)
 .ARM.attributes
                0x0000046f       0x22 c:/devtools/truestudio for stm32 9.1.0/armtools/bin/../lib/gcc/arm-atollic-eabi/6.3.1/armv7e-m/fpu\libgcc.a(_aeabi_uldivmod.o)
 .ARM.attributes
                0x00000491       0x34 c:/devtools/truestudio for stm32 9.1.0/armtools/bin/../lib/gcc/arm-atollic-eabi/6.3.1/armv7e-m/fpu\libgcc.a(_udivmoddi4.o)
 .ARM.attributes
                0x000004c5       0x22 c:/devtools/truestudio for stm32 9.1.0/armtools/bin/../lib/gcc/arm-atollic-eabi/6.3.1/armv7e-m/fpu\libgcc.a(_dvmd_tls.o)
 .ARM.attributes
                0x000004e7       0x22 c:/devtools/truestudio for stm32 9.1.0/armtools/bin/../lib/gcc/arm-atollic-eabi/6.3.1/armv7e-m/fpu/crtn.o
OUTPUT(SnilleBlixt3.0.elf elf32-littlearm)

.debug_info     0x00000000    0x176e7
 .debug_info    0x00000000     0x117a Drivers\STM32F4xx_HAL_Driver\Src\stm32f4xx_hal.o
 .debug_info    0x0000117a     0x15a5 Drivers\STM32F4xx_HAL_Driver\Src\stm32f4xx_hal_adc.o
 .debug_info    0x0000271f     0x16ae Drivers\STM32F4xx_HAL_Driver\Src\stm32f4xx_hal_cortex.o
 .debug_info    0x00003dcd      0xfaf Drivers\STM32F4xx_HAL_Driver\Src\stm32f4xx_hal_gpio.o
 .debug_info    0x00004d7c     0x1293 Drivers\STM32F4xx_HAL_Driver\Src\stm32f4xx_hal_rcc.o
 .debug_info    0x0000600f     0x3b9a Drivers\STM32F4xx_HAL_Driver\Src\stm32f4xx_hal_tim.o
 .debug_info    0x00009ba9     0x1e9b Drivers\STM32F4xx_HAL_Driver\Src\stm32f4xx_hal_uart.o
 .debug_info    0x0000ba44     0x2504 Middlewares\Third_Party\FreeRTOS\Source\CMSIS_RTOS\cmsis_os.o
 .debug_info    0x0000df48      0xac0 Middlewares\Third_Party\FreeRTOS\Source\list.o
 .debug_info    0x0000ea08      0x531 Middlewares\Third_Party\FreeRTOS\Source\portable\GCC\ARM_CM4F\port.o
 .debug_info    0x0000ef39      0xca5 Middlewares\Third_Party\FreeRTOS\Source\portable\MemMang\heap_4.o
 .debug_info    0x0000fbde     0x2997 Middlewares\Third_Party\FreeRTOS\Source\tasks.o
 .debug_info    0x00012575     0x209f Src\main.o
 .debug_info    0x00014614     0x198a Src\stm32f4xx_hal_msp.o
 .debug_info    0x00015f9e      0x96e Src\stm32f4xx_it.o
 .debug_info    0x0001690c      0xd46 Src\system_stm32f4xx.o
 .debug_info    0x00017652       0x95 startup\startup_stm32f401xe.o

.debug_abbrev   0x00000000     0x2ffe
 .debug_abbrev  0x00000000      0x308 Drivers\STM32F4xx_HAL_Driver\Src\stm32f4xx_hal.o
 .debug_abbrev  0x00000308      0x314 Drivers\STM32F4xx_HAL_Driver\Src\stm32f4xx_hal_adc.o
 .debug_abbrev  0x0000061c      0x399 Drivers\STM32F4xx_HAL_Driver\Src\stm32f4xx_hal_cortex.o
 .debug_abbrev  0x000009b5      0x268 Drivers\STM32F4xx_HAL_Driver\Src\stm32f4xx_hal_gpio.o
 .debug_abbrev  0x00000c1d      0x353 Drivers\STM32F4xx_HAL_Driver\Src\stm32f4xx_hal_rcc.o
 .debug_abbrev  0x00000f70      0x3ac Drivers\STM32F4xx_HAL_Driver\Src\stm32f4xx_hal_tim.o
 .debug_abbrev  0x0000131c      0x397 Drivers\STM32F4xx_HAL_Driver\Src\stm32f4xx_hal_uart.o
 .debug_abbrev  0x000016b3      0x450 Middlewares\Third_Party\FreeRTOS\Source\CMSIS_RTOS\cmsis_os.o
 .debug_abbrev  0x00001b03      0x1e3 Middlewares\Third_Party\FreeRTOS\Source\list.o
 .debug_abbrev  0x00001ce6      0x211 Middlewares\Third_Party\FreeRTOS\Source\portable\GCC\ARM_CM4F\port.o
 .debug_abbrev  0x00001ef7      0x314 Middlewares\Third_Party\FreeRTOS\Source\portable\MemMang\heap_4.o
 .debug_abbrev  0x0000220b      0x419 Middlewares\Third_Party\FreeRTOS\Source\tasks.o
 .debug_abbrev  0x00002624      0x3af Src\main.o
 .debug_abbrev  0x000029d3      0x29a Src\stm32f4xx_hal_msp.o
 .debug_abbrev  0x00002c6d      0x1b5 Src\stm32f4xx_it.o
 .debug_abbrev  0x00002e22      0x1ca Src\system_stm32f4xx.o
 .debug_abbrev  0x00002fec       0x12 startup\startup_stm32f401xe.o

.debug_loc      0x00000000     0x82a2
 .debug_loc     0x00000000      0x11b Drivers\STM32F4xx_HAL_Driver\Src\stm32f4xx_hal.o
 .debug_loc     0x0000011b      0x79c Drivers\STM32F4xx_HAL_Driver\Src\stm32f4xx_hal_adc.o
 .debug_loc     0x000008b7      0x4fb Drivers\STM32F4xx_HAL_Driver\Src\stm32f4xx_hal_cortex.o
 .debug_loc     0x00000db2      0x381 Drivers\STM32F4xx_HAL_Driver\Src\stm32f4xx_hal_gpio.o
 .debug_loc     0x00001133      0x336 Drivers\STM32F4xx_HAL_Driver\Src\stm32f4xx_hal_rcc.o
 .debug_loc     0x00001469     0x2ff9 Drivers\STM32F4xx_HAL_Driver\Src\stm32f4xx_hal_tim.o
 .debug_loc     0x00004462     0x132c Drivers\STM32F4xx_HAL_Driver\Src\stm32f4xx_hal_uart.o
 .debug_loc     0x0000578e     0x1038 Middlewares\Third_Party\FreeRTOS\Source\CMSIS_RTOS\cmsis_os.o
 .debug_loc     0x000067c6       0x94 Middlewares\Third_Party\FreeRTOS\Source\list.o
 .debug_loc     0x0000685a       0xcf Middlewares\Third_Party\FreeRTOS\Source\portable\GCC\ARM_CM4F\port.o
 .debug_loc     0x00006929      0x390 Middlewares\Third_Party\FreeRTOS\Source\portable\MemMang\heap_4.o
 .debug_loc     0x00006cb9     0x1249 Middlewares\Third_Party\FreeRTOS\Source\tasks.o
 .debug_loc     0x00007f02      0x1a8 Src\main.o
 .debug_loc     0x000080aa       0xdc Src\stm32f4xx_hal_msp.o
 .debug_loc     0x00008186      0x11c Src\system_stm32f4xx.o

.debug_aranges  0x00000000      0xbf0
 .debug_aranges
                0x00000000       0xd8 Drivers\STM32F4xx_HAL_Driver\Src\stm32f4xx_hal.o
 .debug_aranges
                0x000000d8       0xb8 Drivers\STM32F4xx_HAL_Driver\Src\stm32f4xx_hal_adc.o
 .debug_aranges
                0x00000190       0xa8 Drivers\STM32F4xx_HAL_Driver\Src\stm32f4xx_hal_cortex.o
 .debug_aranges
                0x00000238       0x58 Drivers\STM32F4xx_HAL_Driver\Src\stm32f4xx_hal_gpio.o
 .debug_aranges
                0x00000290       0x88 Drivers\STM32F4xx_HAL_Driver\Src\stm32f4xx_hal_rcc.o
 .debug_aranges
                0x00000318      0x250 Drivers\STM32F4xx_HAL_Driver\Src\stm32f4xx_hal_tim.o
 .debug_aranges
                0x00000568      0x170 Drivers\STM32F4xx_HAL_Driver\Src\stm32f4xx_hal_uart.o
 .debug_aranges
                0x000006d8      0x190 Middlewares\Third_Party\FreeRTOS\Source\CMSIS_RTOS\cmsis_os.o
 .debug_aranges
                0x00000868       0x40 Middlewares\Third_Party\FreeRTOS\Source\list.o
 .debug_aranges
                0x000008a8       0x80 Middlewares\Third_Party\FreeRTOS\Source\portable\GCC\ARM_CM4F\port.o
 .debug_aranges
                0x00000928       0x48 Middlewares\Third_Party\FreeRTOS\Source\portable\MemMang\heap_4.o
 .debug_aranges
                0x00000970      0x170 Middlewares\Third_Party\FreeRTOS\Source\tasks.o
 .debug_aranges
                0x00000ae0       0x48 Src\main.o
 .debug_aranges
                0x00000b28       0x58 Src\stm32f4xx_hal_msp.o
 .debug_aranges
                0x00000b80       0x20 Src\stm32f4xx_it.o
 .debug_aranges
                0x00000ba0       0x28 Src\system_stm32f4xx.o
 .debug_aranges
                0x00000bc8       0x28 startup\startup_stm32f401xe.o

.debug_ranges   0x00000000      0xf10
 .debug_ranges  0x00000000       0xc8 Drivers\STM32F4xx_HAL_Driver\Src\stm32f4xx_hal.o
 .debug_ranges  0x000000c8       0xc8 Drivers\STM32F4xx_HAL_Driver\Src\stm32f4xx_hal_adc.o
 .debug_ranges  0x00000190      0x138 Drivers\STM32F4xx_HAL_Driver\Src\stm32f4xx_hal_cortex.o
 .debug_ranges  0x000002c8       0x68 Drivers\STM32F4xx_HAL_Driver\Src\stm32f4xx_hal_gpio.o
 .debug_ranges  0x00000330       0xb0 Drivers\STM32F4xx_HAL_Driver\Src\stm32f4xx_hal_rcc.o
 .debug_ranges  0x000003e0      0x330 Drivers\STM32F4xx_HAL_Driver\Src\stm32f4xx_hal_tim.o
 .debug_ranges  0x00000710      0x178 Drivers\STM32F4xx_HAL_Driver\Src\stm32f4xx_hal_uart.o
 .debug_ranges  0x00000888      0x180 Middlewares\Third_Party\FreeRTOS\Source\CMSIS_RTOS\cmsis_os.o
 .debug_ranges  0x00000a08       0x30 Middlewares\Third_Party\FreeRTOS\Source\list.o
 .debug_ranges  0x00000a38       0x88 Middlewares\Third_Party\FreeRTOS\Source\portable\GCC\ARM_CM4F\port.o
 .debug_ranges  0x00000ac0       0x38 Middlewares\Third_Party\FreeRTOS\Source\portable\MemMang\heap_4.o
 .debug_ranges  0x00000af8      0x270 Middlewares\Third_Party\FreeRTOS\Source\tasks.o
 .debug_ranges  0x00000d68       0xb8 Src\main.o
 .debug_ranges  0x00000e20       0xa8 Src\stm32f4xx_hal_msp.o
 .debug_ranges  0x00000ec8       0x10 Src\stm32f4xx_it.o
 .debug_ranges  0x00000ed8       0x18 Src\system_stm32f4xx.o
 .debug_ranges  0x00000ef0       0x20 startup\startup_stm32f401xe.o

.debug_line     0x00000000     0x6116
 .debug_line    0x00000000      0x459 Drivers\STM32F4xx_HAL_Driver\Src\stm32f4xx_hal.o
 .debug_line    0x00000459      0x71f Drivers\STM32F4xx_HAL_Driver\Src\stm32f4xx_hal_adc.o
 .debug_line    0x00000b78      0x4a3 Drivers\STM32F4xx_HAL_Driver\Src\stm32f4xx_hal_cortex.o
 .debug_line    0x0000101b      0x425 Drivers\STM32F4xx_HAL_Driver\Src\stm32f4xx_hal_gpio.o
 .debug_line    0x00001440      0x552 Drivers\STM32F4xx_HAL_Driver\Src\stm32f4xx_hal_rcc.o
 .debug_line    0x00001992     0x107b Drivers\STM32F4xx_HAL_Driver\Src\stm32f4xx_hal_tim.o
 .debug_line    0x00002a0d      0xbb6 Drivers\STM32F4xx_HAL_Driver\Src\stm32f4xx_hal_uart.o
 .debug_line    0x000035c3      0x89b Middlewares\Third_Party\FreeRTOS\Source\CMSIS_RTOS\cmsis_os.o
 .debug_line    0x00003e5e      0x31c Middlewares\Third_Party\FreeRTOS\Source\list.o
 .debug_line    0x0000417a      0x323 Middlewares\Third_Party\FreeRTOS\Source\portable\GCC\ARM_CM4F\port.o
 .debug_line    0x0000449d      0x3c9 Middlewares\Third_Party\FreeRTOS\Source\portable\MemMang\heap_4.o
 .debug_line    0x00004866      0xb3b Middlewares\Third_Party\FreeRTOS\Source\tasks.o
 .debug_line    0x000053a1      0x4bf Src\main.o
 .debug_line    0x00005860      0x38a Src\stm32f4xx_hal_msp.o
 .debug_line    0x00005bea      0x271 Src\stm32f4xx_it.o
 .debug_line    0x00005e5b      0x23c Src\system_stm32f4xx.o
 .debug_line    0x00006097       0x7f startup\startup_stm32f401xe.o

.debug_str      0x00000000     0x4dbd
 .debug_str     0x00000000      0xddb Drivers\STM32F4xx_HAL_Driver\Src\stm32f4xx_hal.o
                                0xe87 (size before relaxing)
 .debug_str     0x00000ddb      0x6c9 Drivers\STM32F4xx_HAL_Driver\Src\stm32f4xx_hal_adc.o
                                0xdd7 (size before relaxing)
 .debug_str     0x000014a4      0x3ba Drivers\STM32F4xx_HAL_Driver\Src\stm32f4xx_hal_cortex.o
                                0xf4c (size before relaxing)
 .debug_str     0x0000185e      0x1d3 Drivers\STM32F4xx_HAL_Driver\Src\stm32f4xx_hal_gpio.o
                                0x996 (size before relaxing)
 .debug_str     0x00001a31      0x2e9 Drivers\STM32F4xx_HAL_Driver\Src\stm32f4xx_hal_rcc.o
                                0xb69 (size before relaxing)
 .debug_str     0x00001d1a      0xee4 Drivers\STM32F4xx_HAL_Driver\Src\stm32f4xx_hal_tim.o
                               0x1849 (size before relaxing)
 .debug_str     0x00002bfe      0x6e7 Drivers\STM32F4xx_HAL_Driver\Src\stm32f4xx_hal_uart.o
                               0x1086 (size before relaxing)
 .debug_str     0x000032e5      0xb40 Middlewares\Third_Party\FreeRTOS\Source\CMSIS_RTOS\cmsis_os.o
                               0x1223 (size before relaxing)
 .debug_str     0x00003e25      0x159 Middlewares\Third_Party\FreeRTOS\Source\list.o
                                0x770 (size before relaxing)
 .debug_str     0x00003f7e      0x21e Middlewares\Third_Party\FreeRTOS\Source\portable\GCC\ARM_CM4F\port.o
                                0x49f (size before relaxing)
 .debug_str     0x0000419c      0x1e8 Middlewares\Third_Party\FreeRTOS\Source\portable\MemMang\heap_4.o
                                0x859 (size before relaxing)
 .debug_str     0x00004384      0x824 Middlewares\Third_Party\FreeRTOS\Source\tasks.o
                               0x126b (size before relaxing)
 .debug_str     0x00004ba8      0x185 Src\main.o
                               0x14ad (size before relaxing)
 .debug_str     0x00004d2d       0x25 Src\stm32f4xx_hal_msp.o
                               0x136f (size before relaxing)
 .debug_str     0x00004d52       0x26 Src\stm32f4xx_it.o
                                0x685 (size before relaxing)
 .debug_str     0x00004d78       0x45 Src\system_stm32f4xx.o
                                0x7fa (size before relaxing)

.comment        0x00000000       0x7c
 .comment       0x00000000       0x7c Drivers\STM32F4xx_HAL_Driver\Src\stm32f4xx_hal.o
                                 0x7d (size before relaxing)
 .comment       0x0000007c       0x7d Drivers\STM32F4xx_HAL_Driver\Src\stm32f4xx_hal_adc.o
 .comment       0x0000007c       0x7d Drivers\STM32F4xx_HAL_Driver\Src\stm32f4xx_hal_cortex.o
 .comment       0x0000007c       0x7d Drivers\STM32F4xx_HAL_Driver\Src\stm32f4xx_hal_gpio.o
 .comment       0x0000007c       0x7d Drivers\STM32F4xx_HAL_Driver\Src\stm32f4xx_hal_rcc.o
 .comment       0x0000007c       0x7d Drivers\STM32F4xx_HAL_Driver\Src\stm32f4xx_hal_tim.o
 .comment       0x0000007c       0x7d Drivers\STM32F4xx_HAL_Driver\Src\stm32f4xx_hal_uart.o
 .comment       0x0000007c       0x7d Middlewares\Third_Party\FreeRTOS\Source\CMSIS_RTOS\cmsis_os.o
 .comment       0x0000007c       0x7d Middlewares\Third_Party\FreeRTOS\Source\list.o
 .comment       0x0000007c       0x7d Middlewares\Third_Party\FreeRTOS\Source\portable\GCC\ARM_CM4F\port.o
 .comment       0x0000007c       0x7d Middlewares\Third_Party\FreeRTOS\Source\portable\MemMang\heap_4.o
 .comment       0x0000007c       0x7d Middlewares\Third_Party\FreeRTOS\Source\tasks.o
 .comment       0x0000007c       0x7d Src\main.o
 .comment       0x0000007c       0x7d Src\stm32f4xx_hal_msp.o
 .comment       0x0000007c       0x7d Src\stm32f4xx_it.o
 .comment       0x0000007c       0x7d Src\system_stm32f4xx.o

.debug_frame    0x00000000     0x2270
 .debug_frame   0x00000000      0x1d0 Drivers\STM32F4xx_HAL_Driver\Src\stm32f4xx_hal.o
 .debug_frame   0x000001d0      0x244 Drivers\STM32F4xx_HAL_Driver\Src\stm32f4xx_hal_adc.o
 .debug_frame   0x00000414      0x158 Drivers\STM32F4xx_HAL_Driver\Src\stm32f4xx_hal_cortex.o
 .debug_frame   0x0000056c       0xd8 Drivers\STM32F4xx_HAL_Driver\Src\stm32f4xx_hal_gpio.o
 .debug_frame   0x00000644      0x13c Drivers\STM32F4xx_HAL_Driver\Src\stm32f4xx_hal_rcc.o
 .debug_frame   0x00000780      0x854 Drivers\STM32F4xx_HAL_Driver\Src\stm32f4xx_hal_tim.o
 .debug_frame   0x00000fd4      0x4a0 Drivers\STM32F4xx_HAL_Driver\Src\stm32f4xx_hal_uart.o
 .debug_frame   0x00001474      0x4d4 Middlewares\Third_Party\FreeRTOS\Source\CMSIS_RTOS\cmsis_os.o
 .debug_frame   0x00001948       0x6c Middlewares\Third_Party\FreeRTOS\Source\list.o
 .debug_frame   0x000019b4       0xf0 Middlewares\Third_Party\FreeRTOS\Source\portable\GCC\ARM_CM4F\port.o
 .debug_frame   0x00001aa4       0x98 Middlewares\Third_Party\FreeRTOS\Source\portable\MemMang\heap_4.o
 .debug_frame   0x00001b3c      0x4ac Middlewares\Third_Party\FreeRTOS\Source\tasks.o
 .debug_frame   0x00001fe8       0xa8 Src\main.o
 .debug_frame   0x00002090       0xd0 Src\stm32f4xx_hal_msp.o
 .debug_frame   0x00002160       0x2c Src\stm32f4xx_it.o
 .debug_frame   0x0000218c       0x38 Src\system_stm32f4xx.o
 .debug_frame   0x000021c4       0x2c c:/devtools/truestudio for stm32 9.1.0/armtools/bin/../lib/gcc/arm-atollic-eabi/6.3.1/../../../../arm-atollic-eabi/lib/armv7e-m/fpu\libc_nano.a(lib_a-init.o)
 .debug_frame   0x000021f0       0x20 c:/devtools/truestudio for stm32 9.1.0/armtools/bin/../lib/gcc/arm-atollic-eabi/6.3.1/../../../../arm-atollic-eabi/lib/armv7e-m/fpu\libc_nano.a(lib_a-memset.o)
 .debug_frame   0x00002210       0x2c c:/devtools/truestudio for stm32 9.1.0/armtools/bin/../lib/gcc/arm-atollic-eabi/6.3.1/armv7e-m/fpu\libgcc.a(_aeabi_uldivmod.o)
 .debug_frame   0x0000223c       0x34 c:/devtools/truestudio for stm32 9.1.0/armtools/bin/../lib/gcc/arm-atollic-eabi/6.3.1/armv7e-m/fpu\libgcc.a(_udivmoddi4.o)
